// Jest Snapshot v1, https://goo.gl/fbAQLP

exports[`arguman should respond to topic intents 1`] = `
Object {
  "response": Object {
    "directives": Array [],
    "outputSpeech": Object {
      "ssml": "<speak>Some changes can’t be gradually achieved :

- Partially having both the starting system and the wanted system, could be worse than having either one of them.

- Some things can’t be framed as a continuous, you have it, or you don’t, but you can’t have a little of it.</speak>",
      "type": "SSML",
    },
    "shouldEndSession": false,
  },
  "sessionAttributes": Object {
    "contention": Object {
      "absolute_url": "http://en.arguman.org/marxism-is-an-inherently-violent-revolutionary-ideology",
      "date_creation": "2018-01-18T20:30:51.550Z",
      "date_modification": "2018-01-19T17:47:51.696Z",
      "id": 4023,
      "premise_count": 2,
      "sender": Object {
        "id": 29043,
        "username": "thundax",
      },
      "support_rate": 100,
      "title": "Marxism is an inherently violent revolutionary ideology",
    },
  },
  "version": "1.0",
}
`;
